<html>
<body>
<pre>
<h1>礦ision Build Log</h1>
<h2>Tool Versions:</h2>
IDE-Version: μVision V5.33.0.0
Copyright (C) 2020 ARM Ltd and ARM Germany GmbH. All rights reserved.
License Information: ws ws, ws, LIC=EXJT4-FC3JC-WFCI7-EA9UC-PX1RG-NPU7K
 
Tool Versions:
Toolchain:       MDK-ARM Plus  Version: 5.33.0.0
Toolchain Path:  C:\soft\mdk\ARM\ARMCC\Bin
C Compiler:      Armcc.exe V5.06 update 7 (build 960)
Assembler:       Armasm.exe V5.06 update 7 (build 960)
Linker/Locator:  ArmLink.exe V5.06 update 7 (build 960)
Library Manager: ArmAr.exe V5.06 update 7 (build 960)
Hex Converter:   FromElf.exe V5.06 update 7 (build 960)
CPU DLL:         SARMCM3.DLL V5.33.0.0
Dialog DLL:      DCM.DLL V1.17.3.0
Target DLL:      Segger\JL2CM3.dll V2.99.38.0
Dialog DLL:      TCM.DLL V1.48.0.0
 
<h2>Project:</h2>
D:\luckyxrq\STM32F103C8T6\prj\Project\MDK-ARM(uV4)\project.uvprojx
Project File Date:  08/10/2022

<h2>Output:</h2>
*** Using Compiler 'V5.06 update 7 (build 960)', folder: 'C:\soft\mdk\ARM\ARMCC\Bin'
Build target 'Flash'
compiling bsp_led.c...
compiling main.c...
..\..\User\app\src\main.c(37): warning:  #177-D: function "protothread1"  was declared but never referenced
  protothread1(struct pt *pt)
..\..\User\app\src\main.c(67): warning:  #177-D: function "protothread2"  was declared but never referenced
  protothread2(struct pt *pt)
..\..\User\app\src\main.c: 2 warnings, 0 errors
compiling bsp_key.c...
compiling bsp_spi_bus.c...
compiling bsp_spi_flash.c...
compiling bsp_timer.c...
compiling bsp_uart_fifo.c...
compiling bsp.c...
compiling stm32f10x_it.c...
assembling startup_stm32f10x_md.s...
compiling stm32f10x_assert.c...
compiling stm32f10x_gpio.c...
compiling stm32f10x_rcc.c...
compiling stm32f10x_spi.c...
compiling stm32f10x_usart.c...
compiling misc.c...
compiling shell_ext.c...
compiling system_stm32f10x.c...
compiling stm32f10x_tim.c...
compiling shell_companion.c...
compiling shell_cmd_list.c...
compiling shell.c...
linking...
Program Size: Code=13272 RO-data=1524 RW-data=164 ZI-data=4020  
FromELF: creating hex file...
After Build - User command #1: CopyHex_Flash.bat
D:\luckyxrq\STM32F103C8T6\prj\Project\MDK-ARM(uV4)>copy Flash\Obj\output.hex ..\output(mdk).hex 
已复制         1 个文件。
".\Flash\Obj\output.axf" - 0 Error(s), 2 Warning(s).

<h2>Software Packages used:</h2>

Package Vendor: ARM
                http://www.keil.com/pack/ARM.CMSIS.5.7.0.pack
                ARM.CMSIS.5.7.0
                CMSIS (Cortex Microcontroller Software Interface Standard)
   * Component: CORE Version: 5.4.0

Package Vendor: Keil
                http://www.keil.com/pack/Keil.STM32F1xx_DFP.2.3.0.pack
                Keil.STM32F1xx_DFP.2.3.0
                STMicroelectronics STM32F1 Series Device Support, Drivers and Examples

<h2>Collection of Component include folders:</h2>
  .\RTE\_Flash
  C:\soft\mdk\Packs\ARM\CMSIS\5.7.0\CMSIS\Core\Include
  C:\soft\mdk\Packs\Keil\STM32F1xx_DFP\2.3.0\Device\Include

<h2>Collection of Component Files used:</h2>

   * Component: ARM::CMSIS:CORE:5.4.0
Build Time Elapsed:  00:00:30
</pre>
</body>
</html>
